INFO  19:48:52,306 - Compiling source file: C:\Users\Vuk\Desktop\Finalna Verzija\workspace\MJCompiler\test\program.mj
INFO  19:48:52,368 - #2 program
INFO  19:48:52,368 - #48 MJCompiler
INFO  19:48:52,368 - #5 const
INFO  19:48:52,369 - #48 int
INFO  19:48:52,370 - #48 i1
INFO  19:48:52,370 - #6 =
INFO  19:48:52,370 - #47 1
INFO  19:48:52,371 - #8 ,
INFO  19:48:52,371 - #48 i2
INFO  19:48:52,371 - #6 =
INFO  19:48:52,371 - #47 2
INFO  19:48:52,371 - #7 ;
INFO  19:48:52,371 - #5 const
INFO  19:48:52,372 - #48 char
INFO  19:48:52,372 - #48 c1
INFO  19:48:52,372 - #6 =
INFO  19:48:52,372 - #49 'c'
INFO  19:48:52,372 - #8 ,
INFO  19:48:52,372 - #48 c2
INFO  19:48:52,372 - #6 =
INFO  19:48:52,373 - #49 's'
INFO  19:48:52,380 - #7 ;
INFO  19:48:52,380 - #5 const
INFO  19:48:52,381 - #48 bool
INFO  19:48:52,381 - #48 b1
INFO  19:48:52,381 - #6 =
INFO  19:48:52,381 - #50 true
INFO  19:48:52,381 - #8 ,
INFO  19:48:52,381 - #48 b2
INFO  19:48:52,381 - #6 =
INFO  19:48:52,381 - #50 false
INFO  19:48:52,381 - #7 ;
INFO  19:48:52,382 - #48 int
INFO  19:48:52,382 - #48 i3
INFO  19:48:52,382 - #8 ,
INFO  19:48:52,385 - #48 i4
INFO  19:48:52,385 - #9 [
INFO  19:48:52,385 - #10 ]
INFO  19:48:52,385 - #8 ,
INFO  19:48:52,385 - #48 i5
INFO  19:48:52,385 - #9 [
INFO  19:48:52,385 - #10 ]
INFO  19:48:52,385 - #9 [
INFO  19:48:52,385 - #10 ]
INFO  19:48:52,385 - #7 ;
INFO  19:48:52,386 - #48 char
INFO  19:48:52,386 - #48 c3
INFO  19:48:52,387 - #8 ,
INFO  19:48:52,387 - #48 c4
INFO  19:48:52,387 - #9 [
INFO  19:48:52,387 - #10 ]
INFO  19:48:52,387 - #8 ,
INFO  19:48:52,387 - #48 c5
INFO  19:48:52,387 - #9 [
INFO  19:48:52,387 - #10 ]
INFO  19:48:52,387 - #9 [
INFO  19:48:52,387 - #10 ]
INFO  19:48:52,388 - #7 ;
INFO  19:48:52,388 - #48 bool
INFO  19:48:52,388 - #48 b3
INFO  19:48:52,388 - #8 ,
INFO  19:48:52,388 - #48 b4
INFO  19:48:52,388 - #9 [
INFO  19:48:52,388 - #10 ]
INFO  19:48:52,388 - #8 ,
INFO  19:48:52,388 - #48 b5
INFO  19:48:52,388 - #9 [
INFO  19:48:52,388 - #10 ]
INFO  19:48:52,389 - #9 [
INFO  19:48:52,389 - #10 ]
INFO  19:48:52,389 - #7 ;
INFO  19:48:52,389 - #3 {
INFO  19:48:52,389 - #48 int
INFO  19:48:52,390 - #48 m1
INFO  19:48:52,390 - #12 (
INFO  19:48:52,390 - #48 char
INFO  19:48:52,390 - #48 cArg
INFO  19:48:52,390 - #8 ,
INFO  19:48:52,392 - #48 int
INFO  19:48:52,392 - #48 i3
INFO  19:48:52,392 - #13 )
INFO  19:48:52,392 - #48 int
INFO  19:48:52,393 - #48 i5
INFO  19:48:52,393 - #7 ;
INFO  19:48:52,393 - #3 {
INFO  19:48:52,394 - #48 i5
INFO  19:48:52,395 - #6 =
INFO  19:48:52,396 - #48 i4
INFO  19:48:52,398 - #9 [
INFO  19:48:52,398 - #47 0
INFO  19:48:52,398 - #10 ]
INFO  19:48:52,400 - #7 ;
INFO  19:48:52,400 - #20 print
INFO  19:48:52,401 - #12 (
INFO  19:48:52,401 - #48 i4
INFO  19:48:52,401 - #9 [
INFO  19:48:52,401 - #47 1
INFO  19:48:52,401 - #10 ]
INFO  19:48:52,401 - #13 )
INFO  19:48:52,402 - #7 ;
INFO  19:48:52,402 - #18 return
INFO  19:48:52,402 - #48 i5
INFO  19:48:52,402 - #7 ;
INFO  19:48:52,402 - #4 }
INFO  19:48:52,403 - #48 char
INFO  19:48:52,403 - #48 m2
INFO  19:48:52,403 - #12 (
INFO  19:48:52,403 - #13 )
INFO  19:48:52,404 - #48 char
INFO  19:48:52,404 - #48 c6
INFO  19:48:52,404 - #7 ;
INFO  19:48:52,404 - #48 bool
INFO  19:48:52,404 - #48 b6
INFO  19:48:52,404 - #7 ;
INFO  19:48:52,404 - #3 {
INFO  19:48:52,404 - #18 return
INFO  19:48:52,405 - #48 c6
INFO  19:48:52,405 - #7 ;
INFO  19:48:52,405 - #4 }
INFO  19:48:52,405 - #14 void
INFO  19:48:52,405 - #48 main
INFO  19:48:52,405 - #12 (
INFO  19:48:52,405 - #13 )
INFO  19:48:52,405 - #3 {
INFO  19:48:52,406 - #20 print
INFO  19:48:52,406 - #12 (
INFO  19:48:52,406 - #48 m2
INFO  19:48:52,406 - #12 (
INFO  19:48:52,406 - #13 )
INFO  19:48:52,407 - #13 )
INFO  19:48:52,407 - #7 ;
INFO  19:48:52,412 - #4 }
INFO  19:48:52,412 - #4 }
INFO  19:48:52,425 - Program(
  ProgName(
   MJCompiler
  ) [ProgName]
  DeclarationsList(
    DeclarationsList(
      DeclarationsList(
        DeclarationsList(
          DeclarationsList(
            DeclarationsList(
              NoDeclList(
              ) [NoDeclList]
              DeclConst(
                NumConstDecl(
                  Type(
                   int
                  ) [Type]
                  ConstantTypeNumList(
                    OneConstTypeNum(
                     i1
                     1
                    ) [OneConstTypeNum]
                   i2
                   2
                  ) [ConstantTypeNumList]
                ) [NumConstDecl]
              ) [DeclConst]
            ) [DeclarationsList]
            DeclConst(
              CharConstDecl(
                Type(
                 char
                ) [Type]
                ConstantTypeCharList(
                  OneConstTypeChar(
                   c1
                   'c'
                  ) [OneConstTypeChar]
                 c2
                 's'
                ) [ConstantTypeCharList]
              ) [CharConstDecl]
            ) [DeclConst]
          ) [DeclarationsList]
          DeclConst(
            BoolConstDecl(
              Type(
               bool
              ) [Type]
              ConstantTypeBoolList(
                OneConstTypeBool(
                 b1
                 true
                ) [OneConstTypeBool]
               b2
               false
              ) [ConstantTypeBoolList]
            ) [BoolConstDecl]
          ) [DeclConst]
        ) [DeclarationsList]
        DeclGVar(
          GlobalVarDecl(
            Type(
             int
            ) [Type]
            GlobalVariableTypeList(
              GlobalVariableTypeList(
                OneGlobalVarType(
                  GlobalVarIdent(
                   i3
                    NoSquareBrackets(
                    ) [NoSquareBrackets]
                  ) [GlobalVarIdent]
                ) [OneGlobalVarType]
                GlobalVarIdent(
                 i4
                  SquareBrackets(
                  ) [SquareBrackets]
                ) [GlobalVarIdent]
              ) [GlobalVariableTypeList]
              GlobalVarIdent(
               i5
                SquareBracketsDouble(
                ) [SquareBracketsDouble]
              ) [GlobalVarIdent]
            ) [GlobalVariableTypeList]
          ) [GlobalVarDecl]
        ) [DeclGVar]
      ) [DeclarationsList]
      DeclGVar(
        GlobalVarDecl(
          Type(
           char
          ) [Type]
          GlobalVariableTypeList(
            GlobalVariableTypeList(
              OneGlobalVarType(
                GlobalVarIdent(
                 c3
                  NoSquareBrackets(
                  ) [NoSquareBrackets]
                ) [GlobalVarIdent]
              ) [OneGlobalVarType]
              GlobalVarIdent(
               c4
                SquareBrackets(
                ) [SquareBrackets]
              ) [GlobalVarIdent]
            ) [GlobalVariableTypeList]
            GlobalVarIdent(
             c5
              SquareBracketsDouble(
              ) [SquareBracketsDouble]
            ) [GlobalVarIdent]
          ) [GlobalVariableTypeList]
        ) [GlobalVarDecl]
      ) [DeclGVar]
    ) [DeclarationsList]
    DeclGVar(
      GlobalVarDecl(
        Type(
         bool
        ) [Type]
        GlobalVariableTypeList(
          GlobalVariableTypeList(
            OneGlobalVarType(
              GlobalVarIdent(
               b3
                NoSquareBrackets(
                ) [NoSquareBrackets]
              ) [GlobalVarIdent]
            ) [OneGlobalVarType]
            GlobalVarIdent(
             b4
              SquareBrackets(
              ) [SquareBrackets]
            ) [GlobalVarIdent]
          ) [GlobalVariableTypeList]
          GlobalVarIdent(
           b5
            SquareBracketsDouble(
            ) [SquareBracketsDouble]
          ) [GlobalVarIdent]
        ) [GlobalVariableTypeList]
      ) [GlobalVarDecl]
    ) [DeclGVar]
  ) [DeclarationsList]
  MethodDeclarations(
    MethodDeclarations(
      MethodDeclarations(
        NoMethodDecl(
        ) [NoMethodDecl]
        MethodDeclaration(
          MethTypeName(
            Type(
             int
            ) [Type]
           m1
          ) [MethTypeName]
          FormParams(
            FormalParamDecls(
              SingleFormalParamDecl(
                FormalParamDecl(
                  Type(
                   char
                  ) [Type]
                 cArg
                  NoSquareBrackets(
                  ) [NoSquareBrackets]
                ) [FormalParamDecl]
              ) [SingleFormalParamDecl]
              FormalParamDecl(
                Type(
                 int
                ) [Type]
               i3
                NoSquareBrackets(
                ) [NoSquareBrackets]
              ) [FormalParamDecl]
            ) [FormalParamDecls]
          ) [FormParams]
          VarDeclarations(
            NoVarDecl(
            ) [NoVarDecl]
            VarDecl(
              Type(
               int
              ) [Type]
              OneVarType(
               i5
                NoSquareBrackets(
                ) [NoSquareBrackets]
              ) [OneVarType]
            ) [VarDecl]
          ) [VarDeclarations]
          Statements(
            Statements(
              Statements(
                NoStmt(
                ) [NoStmt]
                Assignment(
                  DesignatorAssignOp(
                    DesignatorIdent(
                     i5
                    ) [DesignatorIdent]
                    AssignOp(
                    ) [AssignOp]
                    Expression(
                      MinusNot(
                      ) [MinusNot]
                      Terminal(
                        FactorDesignator(
                          DesignatorBrackets(
                            DesignatorIdent(
                             i4
                            ) [DesignatorIdent]
                            Expression(
                              MinusNot(
                              ) [MinusNot]
                              Terminal(
                                FactorNumConst(
                                 0
                                ) [FactorNumConst]
                                NoMulopFactList(
                                ) [NoMulopFactList]
                              ) [Terminal]
                              NoAddopTermList(
                              ) [NoAddopTermList]
                            ) [Expression]
                          ) [DesignatorBrackets]
                        ) [FactorDesignator]
                        NoMulopFactList(
                        ) [NoMulopFactList]
                      ) [Terminal]
                      NoAddopTermList(
                      ) [NoAddopTermList]
                    ) [Expression]
                  ) [DesignatorAssignOp]
                ) [Assignment]
              ) [Statements]
              PrintStmt(
                Expression(
                  MinusNot(
                  ) [MinusNot]
                  Terminal(
                    FactorDesignator(
                      DesignatorBrackets(
                        DesignatorIdent(
                         i4
                        ) [DesignatorIdent]
                        Expression(
                          MinusNot(
                          ) [MinusNot]
                          Terminal(
                            FactorNumConst(
                             1
                            ) [FactorNumConst]
                            NoMulopFactList(
                            ) [NoMulopFactList]
                          ) [Terminal]
                          NoAddopTermList(
                          ) [NoAddopTermList]
                        ) [Expression]
                      ) [DesignatorBrackets]
                    ) [FactorDesignator]
                    NoMulopFactList(
                    ) [NoMulopFactList]
                  ) [Terminal]
                  NoAddopTermList(
                  ) [NoAddopTermList]
                ) [Expression]
                NoCommaNumConst(
                ) [NoCommaNumConst]
              ) [PrintStmt]
            ) [Statements]
            ReturnExpr(
              ExpressionYes(
                Expression(
                  MinusNot(
                  ) [MinusNot]
                  Terminal(
                    FactorDesignator(
                      DesignatorIdent(
                       i5
                      ) [DesignatorIdent]
                    ) [FactorDesignator]
                    NoMulopFactList(
                    ) [NoMulopFactList]
                  ) [Terminal]
                  NoAddopTermList(
                  ) [NoAddopTermList]
                ) [Expression]
              ) [ExpressionYes]
            ) [ReturnExpr]
          ) [Statements]
        ) [MethodDeclaration]
      ) [MethodDeclarations]
      MethodDeclaration(
        MethTypeName(
          Type(
           char
          ) [Type]
         m2
        ) [MethTypeName]
        NoFormParam(
        ) [NoFormParam]
        VarDeclarations(
          VarDeclarations(
            NoVarDecl(
            ) [NoVarDecl]
            VarDecl(
              Type(
               char
              ) [Type]
              OneVarType(
               c6
                NoSquareBrackets(
                ) [NoSquareBrackets]
              ) [OneVarType]
            ) [VarDecl]
          ) [VarDeclarations]
          VarDecl(
            Type(
             bool
            ) [Type]
            OneVarType(
             b6
              NoSquareBrackets(
              ) [NoSquareBrackets]
            ) [OneVarType]
          ) [VarDecl]
        ) [VarDeclarations]
        Statements(
          NoStmt(
          ) [NoStmt]
          ReturnExpr(
            ExpressionYes(
              Expression(
                MinusNot(
                ) [MinusNot]
                Terminal(
                  FactorDesignator(
                    DesignatorIdent(
                     c6
                    ) [DesignatorIdent]
                  ) [FactorDesignator]
                  NoMulopFactList(
                  ) [NoMulopFactList]
                ) [Terminal]
                NoAddopTermList(
                ) [NoAddopTermList]
              ) [Expression]
            ) [ExpressionYes]
          ) [ReturnExpr]
        ) [Statements]
      ) [MethodDeclaration]
    ) [MethodDeclarations]
    MethodDeclaration(
      MethVoidName(
       main
      ) [MethVoidName]
      NoFormParam(
      ) [NoFormParam]
      NoVarDecl(
      ) [NoVarDecl]
      Statements(
        NoStmt(
        ) [NoStmt]
        PrintStmt(
          Expression(
            MinusNot(
            ) [MinusNot]
            Terminal(
              FactorMethod(
                DesignatorIdent(
                 m2
                ) [DesignatorIdent]
                NoActPars(
                ) [NoActPars]
              ) [FactorMethod]
              NoMulopFactList(
              ) [NoMulopFactList]
            ) [Terminal]
            NoAddopTermList(
            ) [NoAddopTermList]
          ) [Expression]
          NoCommaNumConst(
          ) [NoCommaNumConst]
        ) [PrintStmt]
      ) [Statements]
    ) [MethodDeclaration]
  ) [MethodDeclarations]
) [Program]
INFO  19:48:52,426 - ===================================
INFO  19:48:52,432 - Definisana konstanta i1 na liniji 3, objektni cvor: Con i1: Int, 1, 0
INFO  19:48:52,432 - Definisana konstanta i2 na liniji 3, objektni cvor: Con i2: Int, 2, 0
INFO  19:48:52,433 - Definisana konstanta c1 na liniji 4, objektni cvor: Con c1: Char, 99, 0
INFO  19:48:52,433 - Definisana konstanta c2 na liniji 4, objektni cvor: Con c2: Char, 115, 0
INFO  19:48:52,435 - Definisana konstanta b1 na liniji 5, objektni cvor: Con b1: Bool, 1, 0
INFO  19:48:52,435 - Definisana konstanta b2 na liniji 5, objektni cvor: Con b2: Bool, 0, 0
INFO  19:48:52,436 - Deklarisana globalna promenljiva i3 na liniji 8, objektni cvor: Var i3: Int, 0, 0
INFO  19:48:52,436 - Deklarisan globalni niz i4 na liniji 8, objektni cvor: Var i4: Array of Int, 1, 0
INFO  19:48:52,436 - Deklarisana globalna matrica i5 na liniji 8, objektni cvor: Var i5: Matrix of Int, 2, 0
INFO  19:48:52,436 - Deklarisana globalna promenljiva c3 na liniji 9, objektni cvor: Var c3: Char, 3, 0
INFO  19:48:52,436 - Deklarisan globalni niz c4 na liniji 9, objektni cvor: Var c4: Array of Char, 4, 0
INFO  19:48:52,436 - Deklarisana globalna matrica c5 na liniji 9, objektni cvor: Var c5: Matrix of Char, 5, 0
INFO  19:48:52,436 - Deklarisana globalna promenljiva b3 na liniji 10, objektni cvor: Var b3: Bool, 6, 0
INFO  19:48:52,436 - Deklarisan globalni niz b4 na liniji 10, objektni cvor: Var b4: Array of Bool, 7, 0
INFO  19:48:52,437 - Deklarisana globalna matrica b5 na liniji 10, objektni cvor: Var b5: Matrix of Bool, 8, 0
INFO  19:48:52,437 - Deklarisana lokalna promenljiva cArg na liniji 14, objektni cvor: Var cArg: Char, 0, 1
INFO  19:48:52,437 - Deklarisana lokalna promenljiva i3 na liniji 14, objektni cvor: Var i3: Int, 1, 1
INFO  19:48:52,438 - Deklarisana lokalna promenljiva i5 na liniji 14, objektni cvor: Var i5: Int, 2, 1
INFO  19:48:52,439 - Simbol i5 se koristi na liniji 17, objektni cvor: Var i5: Int, 2, 1
INFO  19:48:52,439 - Simbol i4 se koristi na liniji 17, objektni cvor: Var i4: Array of Int, 1, 0
INFO  19:48:52,440 - Simbol i4 se koristi na liniji 18, objektni cvor: Var i4: Array of Int, 1, 0
INFO  19:48:52,440 - Simbol i5 se koristi na liniji 20, objektni cvor: Var i5: Int, 2, 1
INFO  19:48:52,440 - Deklarisana funkcija m1 na liniji 14, objektni cvor: Meth m1: Int, 0, 0
INFO  19:48:52,440 - Deklarisana lokalna promenljiva c6 na liniji 23, objektni cvor: Var c6: Char, 0, 1
INFO  19:48:52,441 - Deklarisana lokalna promenljiva b6 na liniji 23, objektni cvor: Var b6: Bool, 1, 1
INFO  19:48:52,441 - Simbol c6 se koristi na liniji 25, objektni cvor: Var c6: Char, 0, 1
INFO  19:48:52,441 - Deklarisana funkcija m2 na liniji 23, objektni cvor: Meth m2: Char, 0, 0
INFO  19:48:52,441 - Simbol m2 se koristi na liniji 30, objektni cvor: Meth m2: Char, 0, 0
INFO  19:48:52,441 - ===================================
=====================SYMBOL TABLE DUMP=========================
Type int: int, -1, -1 
Type char: char, -1, -1 
Con eol: char, 10, 0 
Con null: Class [], 0, 0 
Meth chr: char, 0, 1 
   Var i: int, 0, 1 

Meth ord: int, 0, 1 
   Var ch: char, 0, 1 

Meth len: int, 0, 1 
   Var arr: Arr of notype, 0, 1 

Type bool: bool, -1, -1 
Prog MJCompiler: notype, 0, 1 
   Con i1: int, 1, 0 
   Con i2: int, 2, 0 
   Con c1: char, 99, 0 
   Con c2: char, 115, 0 
   Con b1: bool, 1, 0 
   Con b2: bool, 0, 0 
   Var i3: int, 0, 0 
   Var i4: Arr of int, 1, 0 
   Var i5: Matrix of int, 2, 0 
   Var c3: char, 3, 0 
   Var c4: Arr of char, 4, 0 
   Var c5: Matrix of char, 5, 0 
   Var b3: bool, 6, 0 
   Var b4: Arr of bool, 7, 0 
   Var b5: Matrix of bool, 8, 0 
   Meth m1: int, 0, 0 
      Var cArg: char, 0, 1 
      Var i3: int, 1, 1 
      Var i5: int, 2, 1 

   Meth m2: char, 0, 0 
      Var c6: char, 0, 1 
      Var b6: bool, 1, 1 

   Meth main: notype, 0, 0 



INFO  19:48:52,466 - Parsiranje uspesno zavrseno!
